[05-Sep-2025 23:00:55 UTC] PHP Fatal error:  Uncaught Error: Undefined constant "DB_HOST" in D:\wamp64\www\miniservices\config.php:82
Stack trace:
#0 D:\wamp64\www\miniservices\config.php(97): Database->__construct()
#1 D:\wamp64\www\miniservices\config.php(45): Database::getInstance()
#2 D:\wamp64\www\miniservices\index.php(2): require_once('D:\\wamp64\\www\\m...')
#3 {main}
  thrown in D:\wamp64\www\miniservices\config.php on line 82
[05-Sep-2025 23:01:53 UTC] Erreur d'optimisation DB: SQLSTATE[HY000]: General error: 1824 Failed to open the referenced table 'users'
[05-Sep-2025 23:02:04 UTC] Erreur d'optimisation DB: SQLSTATE[HY000]: General error: 1824 Failed to open the referenced table 'users'
[05-Sep-2025 23:02:16 UTC] Erreur d'optimisation DB: SQLSTATE[HY000]: General error: 1824 Failed to open the referenced table 'users'
[05-Sep-2025 23:03:58 UTC] Erreur d'optimisation DB: SQLSTATE[HY000]: General error: 1824 Failed to open the referenced table 'users'
[05-Sep-2025 23:05:09 UTC] Erreur d'optimisation DB: SQLSTATE[HY000]: General error: 1824 Failed to open the referenced table 'users'
[05-Sep-2025 23:05:14 UTC] Erreur d'optimisation DB: SQLSTATE[HY000]: General error: 1824 Failed to open the referenced table 'users'
[05-Sep-2025 23:05:21 UTC] Erreur d'optimisation DB: SQLSTATE[HY000]: General error: 1824 Failed to open the referenced table 'users'
[05-Sep-2025 23:05:26 UTC] Erreur d'optimisation DB: SQLSTATE[HY000]: General error: 1824 Failed to open the referenced table 'users'
[05-Sep-2025 23:06:46 UTC] Erreur d'optimisation DB: SQLSTATE[HY000]: General error: 1824 Failed to open the referenced table 'users'
[05-Sep-2025 23:06:53 UTC] Erreur d'optimisation DB: SQLSTATE[HY000]: General error: 1824 Failed to open the referenced table 'users'
[05-Sep-2025 23:06:55 UTC] Erreur d'optimisation DB: SQLSTATE[HY000]: General error: 1824 Failed to open the referenced table 'users'
[05-Sep-2025 23:07:06 UTC] Erreur d'optimisation DB: SQLSTATE[HY000]: General error: 1824 Failed to open the referenced table 'users'
[05-Sep-2025 23:07:17 UTC] Erreur d'optimisation DB: SQLSTATE[HY000]: General error: 1824 Failed to open the referenced table 'users'
[05-Sep-2025 23:07:21 UTC] Erreur d'optimisation DB: SQLSTATE[HY000]: General error: 1824 Failed to open the referenced table 'users'
[05-Sep-2025 23:08:50 UTC] Erreur d'optimisation DB: SQLSTATE[HY000]: General error: 1824 Failed to open the referenced table 'users'
[05-Sep-2025 23:11:24 UTC] Erreur d'optimisation DB: SQLSTATE[HY000]: General error: 1824 Failed to open the referenced table 'users'
[05-Sep-2025 23:11:25 UTC] Erreur d'optimisation DB: SQLSTATE[HY000]: General error: 1824 Failed to open the referenced table 'users'
[05-Sep-2025 23:11:36 UTC] Erreur d'optimisation DB: SQLSTATE[HY000]: General error: 1824 Failed to open the referenced table 'users'
[05-Sep-2025 23:12:51 UTC] Erreur d'optimisation DB: SQLSTATE[HY000]: General error: 1824 Failed to open the referenced table 'users'
[05-Sep-2025 23:16:57 UTC] Erreur d'optimisation DB: SQLSTATE[HY000]: General error: 1824 Failed to open the referenced table 'users'
[05-Sep-2025 23:30:00 UTC] Erreur d'optimisation DB: SQLSTATE[HY000]: General error: 1824 Failed to open the referenced table 'users'
[05-Sep-2025 23:30:05 UTC] Erreur d'optimisation DB: SQLSTATE[HY000]: General error: 1824 Failed to open the referenced table 'users'
[05-Sep-2025 23:30:08 UTC] Erreur d'optimisation DB: SQLSTATE[HY000]: General error: 1824 Failed to open the referenced table 'users'
[05-Sep-2025 23:30:11 UTC] Erreur d'optimisation DB: SQLSTATE[HY000]: General error: 1824 Failed to open the referenced table 'users'
[05-Sep-2025 23:33:15 UTC] Erreur d'optimisation DB: SQLSTATE[HY000]: General error: 1824 Failed to open the referenced table 'users'
[05-Sep-2025 23:35:58 UTC] Erreur d'optimisation DB: SQLSTATE[HY000]: General error: 1824 Failed to open the referenced table 'users'
[05-Sep-2025 23:36:01 UTC] Erreur d'optimisation DB: SQLSTATE[HY000]: General error: 1824 Failed to open the referenced table 'users'
[05-Sep-2025 23:36:15 UTC] Erreur d'optimisation DB: SQLSTATE[HY000]: General error: 1824 Failed to open the referenced table 'users'
[05-Sep-2025 23:36:17 UTC] Erreur d'optimisation DB: SQLSTATE[HY000]: General error: 1824 Failed to open the referenced table 'users'
[05-Sep-2025 23:36:18 UTC] Erreur d'optimisation DB: SQLSTATE[HY000]: General error: 1824 Failed to open the referenced table 'users'
[05-Sep-2025 23:36:19 UTC] Erreur d'optimisation DB: SQLSTATE[HY000]: General error: 1824 Failed to open the referenced table 'users'
[05-Sep-2025 23:36:23 UTC] Erreur d'optimisation DB: SQLSTATE[HY000]: General error: 1824 Failed to open the referenced table 'users'
[05-Sep-2025 23:43:10 UTC] Erreur d'optimisation DB: SQLSTATE[HY000]: General error: 1824 Failed to open the referenced table 'users'
[05-Sep-2025 23:43:12 UTC] Erreur d'optimisation DB: SQLSTATE[HY000]: General error: 1824 Failed to open the referenced table 'users'
[05-Sep-2025 23:43:13 UTC] Erreur d'optimisation DB: SQLSTATE[HY000]: General error: 1824 Failed to open the referenced table 'users'
[05-Sep-2025 23:43:21 UTC] Erreur d'optimisation DB: SQLSTATE[HY000]: General error: 1824 Failed to open the referenced table 'users'
[05-Sep-2025 23:43:22 UTC] Erreur d'optimisation DB: SQLSTATE[HY000]: General error: 1824 Failed to open the referenced table 'users'
[05-Sep-2025 23:43:23 UTC] Erreur d'optimisation DB: SQLSTATE[HY000]: General error: 1824 Failed to open the referenced table 'users'
[05-Sep-2025 23:46:18 UTC] Erreur d'optimisation DB: SQLSTATE[HY000]: General error: 1824 Failed to open the referenced table 'users'
[05-Sep-2025 23:46:23 UTC] Erreur d'optimisation DB: SQLSTATE[HY000]: General error: 1824 Failed to open the referenced table 'users'
[05-Sep-2025 23:50:43 UTC] Erreur d'optimisation DB: SQLSTATE[HY000]: General error: 1824 Failed to open the referenced table 'users'
[05-Sep-2025 23:53:17 UTC] Erreur d'optimisation DB: SQLSTATE[HY000]: General error: 1824 Failed to open the referenced table 'users'
[05-Sep-2025 23:56:28 UTC] Erreur d'optimisation DB: SQLSTATE[HY000]: General error: 1824 Failed to open the referenced table 'users'
[05-Sep-2025 23:58:52 UTC] Erreur d'optimisation DB: SQLSTATE[HY000]: General error: 1824 Failed to open the referenced table 'users'
[05-Sep-2025 23:58:53 UTC] Erreur d'optimisation DB: SQLSTATE[HY000]: General error: 1824 Failed to open the referenced table 'users'
[05-Sep-2025 23:58:54 UTC] Erreur d'optimisation DB: SQLSTATE[HY000]: General error: 1824 Failed to open the referenced table 'users'
[05-Sep-2025 23:58:54 UTC] Erreur d'optimisation DB: SQLSTATE[HY000]: General error: 1824 Failed to open the referenced table 'users'
[05-Sep-2025 23:58:55 UTC] Erreur d'optimisation DB: SQLSTATE[HY000]: General error: 1824 Failed to open the referenced table 'users'
[05-Sep-2025 23:58:56 UTC] Erreur d'optimisation DB: SQLSTATE[HY000]: General error: 1824 Failed to open the referenced table 'users'
[05-Sep-2025 23:58:57 UTC] Erreur d'optimisation DB: SQLSTATE[HY000]: General error: 1824 Failed to open the referenced table 'users'
[05-Sep-2025 23:59:18 UTC] Erreur d'optimisation DB: SQLSTATE[HY000]: General error: 1824 Failed to open the referenced table 'users'
[06-Sep-2025 00:01:26 UTC] Erreur d'optimisation DB: SQLSTATE[HY000]: General error: 1824 Failed to open the referenced table 'users'
[06-Sep-2025 00:01:39 UTC] Erreur d'optimisation DB: SQLSTATE[HY000]: General error: 1824 Failed to open the referenced table 'users'
[06-Sep-2025 00:01:47 UTC] Erreur d'optimisation DB: SQLSTATE[HY000]: General error: 1824 Failed to open the referenced table 'users'
[06-Sep-2025 00:04:21 UTC] Erreur d'optimisation DB: SQLSTATE[HY000]: General error: 1824 Failed to open the referenced table 'users'
[06-Sep-2025 00:05:25 UTC] Erreur d'optimisation DB: SQLSTATE[HY000]: General error: 1824 Failed to open the referenced table 'users'
[06-Sep-2025 00:05:26 UTC] Erreur d'optimisation DB: SQLSTATE[HY000]: General error: 1824 Failed to open the referenced table 'users'
[06-Sep-2025 00:07:07 UTC] Erreur d'optimisation DB: SQLSTATE[HY000]: General error: 1824 Failed to open the referenced table 'users'
[06-Sep-2025 00:08:15 UTC] Erreur d'optimisation DB: SQLSTATE[HY000]: General error: 1824 Failed to open the referenced table 'users'
[06-Sep-2025 00:08:16 UTC] Erreur d'optimisation DB: SQLSTATE[HY000]: General error: 1824 Failed to open the referenced table 'users'
[06-Sep-2025 00:08:16 UTC] Erreur d'optimisation DB: SQLSTATE[HY000]: General error: 1824 Failed to open the referenced table 'users'
[06-Sep-2025 00:08:17 UTC] Erreur d'optimisation DB: SQLSTATE[HY000]: General error: 1824 Failed to open the referenced table 'users'
[06-Sep-2025 00:08:17 UTC] Erreur d'optimisation DB: SQLSTATE[HY000]: General error: 1824 Failed to open the referenced table 'users'
[06-Sep-2025 00:08:17 UTC] Erreur d'optimisation DB: SQLSTATE[HY000]: General error: 1824 Failed to open the referenced table 'users'
[06-Sep-2025 00:08:18 UTC] Erreur d'optimisation DB: SQLSTATE[HY000]: General error: 1824 Failed to open the referenced table 'users'
[06-Sep-2025 00:08:18 UTC] Erreur d'optimisation DB: SQLSTATE[HY000]: General error: 1824 Failed to open the referenced table 'users'
[06-Sep-2025 00:08:18 UTC] Erreur d'optimisation DB: SQLSTATE[HY000]: General error: 1824 Failed to open the referenced table 'users'
[06-Sep-2025 00:08:18 UTC] Erreur d'optimisation DB: SQLSTATE[HY000]: General error: 1824 Failed to open the referenced table 'users'
[06-Sep-2025 00:08:19 UTC] Erreur d'optimisation DB: SQLSTATE[HY000]: General error: 1824 Failed to open the referenced table 'users'
[06-Sep-2025 00:08:19 UTC] Erreur d'optimisation DB: SQLSTATE[HY000]: General error: 1824 Failed to open the referenced table 'users'
[06-Sep-2025 00:08:19 UTC] Erreur d'optimisation DB: SQLSTATE[HY000]: General error: 1824 Failed to open the referenced table 'users'
[06-Sep-2025 00:08:19 UTC] Erreur d'optimisation DB: SQLSTATE[HY000]: General error: 1824 Failed to open the referenced table 'users'
[06-Sep-2025 00:08:19 UTC] Erreur d'optimisation DB: SQLSTATE[HY000]: General error: 1824 Failed to open the referenced table 'users'
[06-Sep-2025 00:08:20 UTC] Erreur d'optimisation DB: SQLSTATE[HY000]: General error: 1824 Failed to open the referenced table 'users'
[06-Sep-2025 00:08:20 UTC] Erreur d'optimisation DB: SQLSTATE[HY000]: General error: 1824 Failed to open the referenced table 'users'
[06-Sep-2025 00:08:20 UTC] Erreur d'optimisation DB: SQLSTATE[HY000]: General error: 1824 Failed to open the referenced table 'users'
[06-Sep-2025 00:08:21 UTC] Erreur d'optimisation DB: SQLSTATE[HY000]: General error: 1824 Failed to open the referenced table 'users'
[06-Sep-2025 00:08:21 UTC] Erreur d'optimisation DB: SQLSTATE[HY000]: General error: 1824 Failed to open the referenced table 'users'
[06-Sep-2025 00:08:21 UTC] Erreur d'optimisation DB: SQLSTATE[HY000]: General error: 1824 Failed to open the referenced table 'users'
[06-Sep-2025 00:08:22 UTC] Erreur d'optimisation DB: SQLSTATE[HY000]: General error: 1824 Failed to open the referenced table 'users'
[06-Sep-2025 00:08:22 UTC] Erreur d'optimisation DB: SQLSTATE[HY000]: General error: 1824 Failed to open the referenced table 'users'
[06-Sep-2025 00:08:23 UTC] Erreur d'optimisation DB: SQLSTATE[HY000]: General error: 1824 Failed to open the referenced table 'users'
[06-Sep-2025 00:08:23 UTC] Erreur d'optimisation DB: SQLSTATE[HY000]: General error: 1824 Failed to open the referenced table 'users'
[06-Sep-2025 00:08:23 UTC] Erreur d'optimisation DB: SQLSTATE[HY000]: General error: 1824 Failed to open the referenced table 'users'
[06-Sep-2025 00:08:24 UTC] Erreur d'optimisation DB: SQLSTATE[HY000]: General error: 1824 Failed to open the referenced table 'users'
[06-Sep-2025 00:08:24 UTC] Erreur d'optimisation DB: SQLSTATE[HY000]: General error: 1824 Failed to open the referenced table 'users'
[06-Sep-2025 00:08:24 UTC] Erreur d'optimisation DB: SQLSTATE[HY000]: General error: 1824 Failed to open the referenced table 'users'
[06-Sep-2025 00:08:24 UTC] Erreur d'optimisation DB: SQLSTATE[HY000]: General error: 1824 Failed to open the referenced table 'users'
[06-Sep-2025 00:08:25 UTC] Erreur d'optimisation DB: SQLSTATE[HY000]: General error: 1824 Failed to open the referenced table 'users'
[06-Sep-2025 00:08:25 UTC] Erreur d'optimisation DB: SQLSTATE[HY000]: General error: 1824 Failed to open the referenced table 'users'
[06-Sep-2025 00:08:25 UTC] Erreur d'optimisation DB: SQLSTATE[HY000]: General error: 1824 Failed to open the referenced table 'users'
[06-Sep-2025 00:08:26 UTC] Erreur d'optimisation DB: SQLSTATE[HY000]: General error: 1824 Failed to open the referenced table 'users'
[06-Sep-2025 00:08:26 UTC] Erreur d'optimisation DB: SQLSTATE[HY000]: General error: 1824 Failed to open the referenced table 'users'
[06-Sep-2025 00:08:26 UTC] Erreur d'optimisation DB: SQLSTATE[HY000]: General error: 1824 Failed to open the referenced table 'users'
[06-Sep-2025 00:08:27 UTC] Erreur d'optimisation DB: SQLSTATE[HY000]: General error: 1824 Failed to open the referenced table 'users'
[06-Sep-2025 00:08:27 UTC] Erreur d'optimisation DB: SQLSTATE[HY000]: General error: 1824 Failed to open the referenced table 'users'
[06-Sep-2025 00:08:28 UTC] Erreur d'optimisation DB: SQLSTATE[HY000]: General error: 1824 Failed to open the referenced table 'users'
[06-Sep-2025 00:11:22 UTC] Erreur d'optimisation DB: SQLSTATE[HY000]: General error: 1824 Failed to open the referenced table 'users'
[06-Sep-2025 00:12:10 UTC] Erreur d'optimisation DB: SQLSTATE[HY000]: General error: 1824 Failed to open the referenced table 'users'
[06-Sep-2025 00:12:19 UTC] Erreur d'optimisation DB: SQLSTATE[HY000]: General error: 1824 Failed to open the referenced table 'users'
[06-Sep-2025 00:12:21 UTC] Erreur d'optimisation DB: SQLSTATE[HY000]: General error: 1824 Failed to open the referenced table 'users'
[06-Sep-2025 00:16:06 UTC] Erreur d'optimisation DB: SQLSTATE[HY000]: General error: 1824 Failed to open the referenced table 'users'
[06-Sep-2025 00:16:07 UTC] Erreur d'optimisation DB: SQLSTATE[HY000]: General error: 1824 Failed to open the referenced table 'users'
[06-Sep-2025 00:16:10 UTC] Erreur d'optimisation DB: SQLSTATE[HY000]: General error: 1824 Failed to open the referenced table 'users'
[06-Sep-2025 00:18:26 UTC] Erreur d'optimisation DB: SQLSTATE[HY000]: General error: 1824 Failed to open the referenced table 'users'
[06-Sep-2025 00:18:38 UTC] Erreur d'optimisation DB: SQLSTATE[HY000]: General error: 1824 Failed to open the referenced table 'users'
[06-Sep-2025 00:18:46 UTC] Erreur d'optimisation DB: SQLSTATE[HY000]: General error: 1824 Failed to open the referenced table 'users'
[06-Sep-2025 00:27:36 UTC] Erreur d'optimisation DB: SQLSTATE[HY000]: General error: 1824 Failed to open the referenced table 'users'
[06-Sep-2025 00:30:21 UTC] Erreur d'optimisation DB: SQLSTATE[HY000]: General error: 1824 Failed to open the referenced table 'users'
[06-Sep-2025 00:31:08 UTC] Erreur d'optimisation DB: SQLSTATE[HY000]: General error: 1824 Failed to open the referenced table 'users'
[06-Sep-2025 00:34:31 UTC] Erreur d'optimisation DB: SQLSTATE[HY000]: General error: 1824 Failed to open the referenced table 'users'
[06-Sep-2025 00:34:33 UTC] Erreur d'optimisation DB: SQLSTATE[HY000]: General error: 1824 Failed to open the referenced table 'users'
[06-Sep-2025 00:34:34 UTC] Erreur d'optimisation DB: SQLSTATE[HY000]: General error: 1824 Failed to open the referenced table 'users'
[06-Sep-2025 00:34:50 UTC] Erreur d'optimisation DB: SQLSTATE[HY000]: General error: 1824 Failed to open the referenced table 'users'
[06-Sep-2025 00:35:21 UTC] Erreur d'optimisation DB: SQLSTATE[HY000]: General error: 1824 Failed to open the referenced table 'users'
[06-Sep-2025 00:38:08 UTC] Erreur d'optimisation DB: SQLSTATE[HY000]: General error: 1824 Failed to open the referenced table 'users'
[06-Sep-2025 00:38:33 UTC] Erreur d'optimisation DB: SQLSTATE[HY000]: General error: 1824 Failed to open the referenced table 'users'
[06-Sep-2025 00:40:05 UTC] Erreur d'optimisation DB: SQLSTATE[HY000]: General error: 1824 Failed to open the referenced table 'users'
[06-Sep-2025 00:40:12 UTC] Erreur d'optimisation DB: SQLSTATE[HY000]: General error: 1824 Failed to open the referenced table 'users'
[06-Sep-2025 00:45:30 UTC] Erreur d'optimisation DB: SQLSTATE[HY000]: General error: 1824 Failed to open the referenced table 'users'
[06-Sep-2025 00:48:16 UTC] Erreur d'optimisation DB: SQLSTATE[HY000]: General error: 1824 Failed to open the referenced table 'users'
[06-Sep-2025 00:49:45 UTC] Erreur d'optimisation DB: SQLSTATE[HY000]: General error: 1824 Failed to open the referenced table 'users'
[06-Sep-2025 00:50:17 UTC] Erreur d'optimisation DB: SQLSTATE[HY000]: General error: 1824 Failed to open the referenced table 'users'
[06-Sep-2025 00:53:51 UTC] Erreur d'optimisation DB: SQLSTATE[HY000]: General error: 1824 Failed to open the referenced table 'users'
[06-Sep-2025 00:54:33 UTC] Erreur d'optimisation DB: SQLSTATE[HY000]: General error: 1824 Failed to open the referenced table 'users'
[06-Sep-2025 00:57:35 UTC] Erreur d'optimisation DB: SQLSTATE[HY000]: General error: 1824 Failed to open the referenced table 'users'
[06-Sep-2025 00:57:38 UTC] Erreur d'optimisation DB: SQLSTATE[HY000]: General error: 1824 Failed to open the referenced table 'users'
[06-Sep-2025 00:57:47 UTC] Erreur d'optimisation DB: SQLSTATE[HY000]: General error: 1824 Failed to open the referenced table 'users'
[06-Sep-2025 01:10:43 UTC] Erreur d'optimisation DB: SQLSTATE[HY000]: General error: 1824 Failed to open the referenced table 'users'
[06-Sep-2025 01:16:14 UTC] Erreur d'optimisation DB: SQLSTATE[HY000]: General error: 1824 Failed to open the referenced table 'users'
[06-Sep-2025 01:16:16 UTC] Erreur d'optimisation DB: SQLSTATE[HY000]: General error: 1824 Failed to open the referenced table 'users'
[06-Sep-2025 01:20:00 UTC] Erreur d'optimisation DB: SQLSTATE[HY000]: General error: 1824 Failed to open the referenced table 'users'
[06-Sep-2025 01:22:13 UTC] Erreur d'optimisation DB: SQLSTATE[HY000]: General error: 1824 Failed to open the referenced table 'users'
[06-Sep-2025 01:24:28 UTC] Erreur d'optimisation DB: SQLSTATE[HY000]: General error: 1824 Failed to open the referenced table 'users'
[06-Sep-2025 01:29:52 UTC] Erreur d'optimisation DB: SQLSTATE[HY000]: General error: 1824 Failed to open the referenced table 'users'
[06-Sep-2025 01:33:58 UTC] Erreur d'optimisation DB: SQLSTATE[HY000]: General error: 1824 Failed to open the referenced table 'users'
[06-Sep-2025 01:35:27 UTC] Erreur d'optimisation DB: SQLSTATE[HY000]: General error: 1824 Failed to open the referenced table 'users'
[06-Sep-2025 01:35:29 UTC] Erreur d'optimisation DB: SQLSTATE[HY000]: General error: 1824 Failed to open the referenced table 'users'
[06-Sep-2025 01:35:31 UTC] Erreur d'optimisation DB: SQLSTATE[HY000]: General error: 1824 Failed to open the referenced table 'users'
[06-Sep-2025 01:36:35 UTC] Erreur d'optimisation DB: SQLSTATE[HY000]: General error: 1824 Failed to open the referenced table 'users'
[06-Sep-2025 01:39:10 UTC] Erreur d'optimisation DB: SQLSTATE[HY000]: General error: 1824 Failed to open the referenced table 'users'
[06-Sep-2025 01:40:57 UTC] Erreur d'optimisation DB: SQLSTATE[HY000]: General error: 1824 Failed to open the referenced table 'users'
[06-Sep-2025 01:40:58 UTC] Erreur d'optimisation DB: SQLSTATE[HY000]: General error: 1824 Failed to open the referenced table 'users'
[06-Sep-2025 01:40:58 UTC] Erreur d'optimisation DB: SQLSTATE[HY000]: General error: 1824 Failed to open the referenced table 'users'
[06-Sep-2025 01:40:58 UTC] Erreur d'optimisation DB: SQLSTATE[HY000]: General error: 1824 Failed to open the referenced table 'users'
[06-Sep-2025 01:40:59 UTC] Erreur d'optimisation DB: SQLSTATE[HY000]: General error: 1824 Failed to open the referenced table 'users'
[06-Sep-2025 01:40:59 UTC] Erreur d'optimisation DB: SQLSTATE[HY000]: General error: 1824 Failed to open the referenced table 'users'
[06-Sep-2025 01:40:59 UTC] Erreur d'optimisation DB: SQLSTATE[HY000]: General error: 1824 Failed to open the referenced table 'users'
[06-Sep-2025 01:41:00 UTC] Erreur d'optimisation DB: SQLSTATE[HY000]: General error: 1824 Failed to open the referenced table 'users'
[06-Sep-2025 01:41:00 UTC] Erreur d'optimisation DB: SQLSTATE[HY000]: General error: 1824 Failed to open the referenced table 'users'
[06-Sep-2025 01:41:00 UTC] Erreur d'optimisation DB: SQLSTATE[HY000]: General error: 1824 Failed to open the referenced table 'users'
[06-Sep-2025 01:41:00 UTC] Erreur d'optimisation DB: SQLSTATE[HY000]: General error: 1824 Failed to open the referenced table 'users'
[06-Sep-2025 01:41:01 UTC] Erreur d'optimisation DB: SQLSTATE[HY000]: General error: 1824 Failed to open the referenced table 'users'
[06-Sep-2025 01:41:01 UTC] Erreur d'optimisation DB: SQLSTATE[HY000]: General error: 1824 Failed to open the referenced table 'users'
[06-Sep-2025 01:41:01 UTC] Erreur d'optimisation DB: SQLSTATE[HY000]: General error: 1824 Failed to open the referenced table 'users'
[06-Sep-2025 01:41:02 UTC] Erreur d'optimisation DB: SQLSTATE[HY000]: General error: 1824 Failed to open the referenced table 'users'
[06-Sep-2025 01:41:02 UTC] Erreur d'optimisation DB: SQLSTATE[HY000]: General error: 1824 Failed to open the referenced table 'users'
[06-Sep-2025 01:41:02 UTC] Erreur d'optimisation DB: SQLSTATE[HY000]: General error: 1824 Failed to open the referenced table 'users'
[06-Sep-2025 01:41:02 UTC] Erreur d'optimisation DB: SQLSTATE[HY000]: General error: 1824 Failed to open the referenced table 'users'
[06-Sep-2025 01:41:03 UTC] Erreur d'optimisation DB: SQLSTATE[HY000]: General error: 1824 Failed to open the referenced table 'users'
[06-Sep-2025 01:41:03 UTC] Erreur d'optimisation DB: SQLSTATE[HY000]: General error: 1824 Failed to open the referenced table 'users'
[06-Sep-2025 01:41:03 UTC] Erreur d'optimisation DB: SQLSTATE[HY000]: General error: 1824 Failed to open the referenced table 'users'
[06-Sep-2025 01:41:03 UTC] Erreur d'optimisation DB: SQLSTATE[HY000]: General error: 1824 Failed to open the referenced table 'users'
[06-Sep-2025 01:41:04 UTC] Erreur d'optimisation DB: SQLSTATE[HY000]: General error: 1824 Failed to open the referenced table 'users'
[06-Sep-2025 01:41:04 UTC] Erreur d'optimisation DB: SQLSTATE[HY000]: General error: 1824 Failed to open the referenced table 'users'
[06-Sep-2025 01:41:04 UTC] Erreur d'optimisation DB: SQLSTATE[HY000]: General error: 1824 Failed to open the referenced table 'users'
[06-Sep-2025 01:41:04 UTC] Erreur d'optimisation DB: SQLSTATE[HY000]: General error: 1824 Failed to open the referenced table 'users'
[06-Sep-2025 01:41:05 UTC] Erreur d'optimisation DB: SQLSTATE[HY000]: General error: 1824 Failed to open the referenced table 'users'
[06-Sep-2025 01:41:05 UTC] Erreur d'optimisation DB: SQLSTATE[HY000]: General error: 1824 Failed to open the referenced table 'users'
[06-Sep-2025 01:41:05 UTC] Erreur d'optimisation DB: SQLSTATE[HY000]: General error: 1824 Failed to open the referenced table 'users'
[06-Sep-2025 01:41:06 UTC] Erreur d'optimisation DB: SQLSTATE[HY000]: General error: 1824 Failed to open the referenced table 'users'
[06-Sep-2025 01:41:06 UTC] Erreur d'optimisation DB: SQLSTATE[HY000]: General error: 1824 Failed to open the referenced table 'users'
[06-Sep-2025 01:41:06 UTC] Erreur d'optimisation DB: SQLSTATE[HY000]: General error: 1824 Failed to open the referenced table 'users'
[06-Sep-2025 01:41:06 UTC] Erreur d'optimisation DB: SQLSTATE[HY000]: General error: 1824 Failed to open the referenced table 'users'
[06-Sep-2025 01:41:06 UTC] Erreur d'optimisation DB: SQLSTATE[HY000]: General error: 1824 Failed to open the referenced table 'users'
[06-Sep-2025 01:41:07 UTC] Erreur d'optimisation DB: SQLSTATE[HY000]: General error: 1824 Failed to open the referenced table 'users'
[06-Sep-2025 01:41:07 UTC] Erreur d'optimisation DB: SQLSTATE[HY000]: General error: 1824 Failed to open the referenced table 'users'
[06-Sep-2025 01:41:07 UTC] Erreur d'optimisation DB: SQLSTATE[HY000]: General error: 1824 Failed to open the referenced table 'users'
[06-Sep-2025 01:41:07 UTC] Erreur d'optimisation DB: SQLSTATE[HY000]: General error: 1824 Failed to open the referenced table 'users'
[06-Sep-2025 01:41:08 UTC] Erreur d'optimisation DB: SQLSTATE[HY000]: General error: 1824 Failed to open the referenced table 'users'
[06-Sep-2025 01:41:08 UTC] Erreur d'optimisation DB: SQLSTATE[HY000]: General error: 1824 Failed to open the referenced table 'users'
[06-Sep-2025 01:41:08 UTC] Erreur d'optimisation DB: SQLSTATE[HY000]: General error: 1824 Failed to open the referenced table 'users'
[06-Sep-2025 01:41:08 UTC] Erreur d'optimisation DB: SQLSTATE[HY000]: General error: 1824 Failed to open the referenced table 'users'
[06-Sep-2025 01:41:09 UTC] Erreur d'optimisation DB: SQLSTATE[HY000]: General error: 1824 Failed to open the referenced table 'users'
[06-Sep-2025 01:41:09 UTC] Erreur d'optimisation DB: SQLSTATE[HY000]: General error: 1824 Failed to open the referenced table 'users'
[06-Sep-2025 01:41:09 UTC] Erreur d'optimisation DB: SQLSTATE[HY000]: General error: 1824 Failed to open the referenced table 'users'
[06-Sep-2025 01:41:09 UTC] Erreur d'optimisation DB: SQLSTATE[HY000]: General error: 1824 Failed to open the referenced table 'users'
[06-Sep-2025 01:41:10 UTC] Erreur d'optimisation DB: SQLSTATE[HY000]: General error: 1824 Failed to open the referenced table 'users'
[06-Sep-2025 01:41:10 UTC] Erreur d'optimisation DB: SQLSTATE[HY000]: General error: 1824 Failed to open the referenced table 'users'
[06-Sep-2025 01:41:10 UTC] Erreur d'optimisation DB: SQLSTATE[HY000]: General error: 1824 Failed to open the referenced table 'users'
[06-Sep-2025 01:41:11 UTC] Erreur d'optimisation DB: SQLSTATE[HY000]: General error: 1824 Failed to open the referenced table 'users'
[06-Sep-2025 01:41:11 UTC] Erreur d'optimisation DB: SQLSTATE[HY000]: General error: 1824 Failed to open the referenced table 'users'
[06-Sep-2025 01:41:11 UTC] Erreur d'optimisation DB: SQLSTATE[HY000]: General error: 1824 Failed to open the referenced table 'users'
[06-Sep-2025 01:41:11 UTC] Erreur d'optimisation DB: SQLSTATE[HY000]: General error: 1824 Failed to open the referenced table 'users'
[06-Sep-2025 01:41:12 UTC] Erreur d'optimisation DB: SQLSTATE[HY000]: General error: 1824 Failed to open the referenced table 'users'
[06-Sep-2025 01:41:12 UTC] Erreur d'optimisation DB: SQLSTATE[HY000]: General error: 1824 Failed to open the referenced table 'users'
[06-Sep-2025 01:41:12 UTC] Erreur d'optimisation DB: SQLSTATE[HY000]: General error: 1824 Failed to open the referenced table 'users'
[06-Sep-2025 01:41:12 UTC] Erreur d'optimisation DB: SQLSTATE[HY000]: General error: 1824 Failed to open the referenced table 'users'
[06-Sep-2025 01:41:13 UTC] Erreur d'optimisation DB: SQLSTATE[HY000]: General error: 1824 Failed to open the referenced table 'users'
[06-Sep-2025 01:41:13 UTC] Erreur d'optimisation DB: SQLSTATE[HY000]: General error: 1824 Failed to open the referenced table 'users'
[06-Sep-2025 01:41:13 UTC] Erreur d'optimisation DB: SQLSTATE[HY000]: General error: 1824 Failed to open the referenced table 'users'
[06-Sep-2025 01:41:13 UTC] Erreur d'optimisation DB: SQLSTATE[HY000]: General error: 1824 Failed to open the referenced table 'users'
[06-Sep-2025 01:41:14 UTC] Erreur d'optimisation DB: SQLSTATE[HY000]: General error: 1824 Failed to open the referenced table 'users'
[06-Sep-2025 01:41:14 UTC] Erreur d'optimisation DB: SQLSTATE[HY000]: General error: 1824 Failed to open the referenced table 'users'
[06-Sep-2025 01:41:14 UTC] Erreur d'optimisation DB: SQLSTATE[HY000]: General error: 1824 Failed to open the referenced table 'users'
[06-Sep-2025 01:41:15 UTC] Erreur d'optimisation DB: SQLSTATE[HY000]: General error: 1824 Failed to open the referenced table 'users'
[06-Sep-2025 01:41:15 UTC] Erreur d'optimisation DB: SQLSTATE[HY000]: General error: 1824 Failed to open the referenced table 'users'
[06-Sep-2025 01:41:15 UTC] Erreur d'optimisation DB: SQLSTATE[HY000]: General error: 1824 Failed to open the referenced table 'users'
[06-Sep-2025 01:41:16 UTC] Erreur d'optimisation DB: SQLSTATE[HY000]: General error: 1824 Failed to open the referenced table 'users'
[06-Sep-2025 01:41:16 UTC] Erreur d'optimisation DB: SQLSTATE[HY000]: General error: 1824 Failed to open the referenced table 'users'
[06-Sep-2025 01:41:16 UTC] Erreur d'optimisation DB: SQLSTATE[HY000]: General error: 1824 Failed to open the referenced table 'users'
[06-Sep-2025 01:41:16 UTC] Erreur d'optimisation DB: SQLSTATE[HY000]: General error: 1824 Failed to open the referenced table 'users'
[06-Sep-2025 01:41:17 UTC] Erreur d'optimisation DB: SQLSTATE[HY000]: General error: 1824 Failed to open the referenced table 'users'
[06-Sep-2025 01:41:17 UTC] Erreur d'optimisation DB: SQLSTATE[HY000]: General error: 1824 Failed to open the referenced table 'users'
[06-Sep-2025 01:41:17 UTC] Erreur d'optimisation DB: SQLSTATE[HY000]: General error: 1824 Failed to open the referenced table 'users'
[06-Sep-2025 01:41:17 UTC] Erreur d'optimisation DB: SQLSTATE[HY000]: General error: 1824 Failed to open the referenced table 'users'
[06-Sep-2025 01:41:18 UTC] Erreur d'optimisation DB: SQLSTATE[HY000]: General error: 1824 Failed to open the referenced table 'users'
[06-Sep-2025 01:41:18 UTC] Erreur d'optimisation DB: SQLSTATE[HY000]: General error: 1824 Failed to open the referenced table 'users'
[06-Sep-2025 01:41:18 UTC] Erreur d'optimisation DB: SQLSTATE[HY000]: General error: 1824 Failed to open the referenced table 'users'
[06-Sep-2025 01:41:18 UTC] Erreur d'optimisation DB: SQLSTATE[HY000]: General error: 1824 Failed to open the referenced table 'users'
[06-Sep-2025 01:41:19 UTC] Erreur d'optimisation DB: SQLSTATE[HY000]: General error: 1824 Failed to open the referenced table 'users'
[06-Sep-2025 01:41:19 UTC] Erreur d'optimisation DB: SQLSTATE[HY000]: General error: 1824 Failed to open the referenced table 'users'
[06-Sep-2025 01:41:19 UTC] Erreur d'optimisation DB: SQLSTATE[HY000]: General error: 1824 Failed to open the referenced table 'users'
[06-Sep-2025 01:41:19 UTC] Erreur d'optimisation DB: SQLSTATE[HY000]: General error: 1824 Failed to open the referenced table 'users'
[06-Sep-2025 01:41:19 UTC] Erreur d'optimisation DB: SQLSTATE[HY000]: General error: 1824 Failed to open the referenced table 'users'
[06-Sep-2025 01:41:20 UTC] Erreur d'optimisation DB: SQLSTATE[HY000]: General error: 1824 Failed to open the referenced table 'users'
[06-Sep-2025 01:41:20 UTC] Erreur d'optimisation DB: SQLSTATE[HY000]: General error: 1824 Failed to open the referenced table 'users'
[06-Sep-2025 01:41:20 UTC] Erreur d'optimisation DB: SQLSTATE[HY000]: General error: 1824 Failed to open the referenced table 'users'
[06-Sep-2025 01:41:21 UTC] Erreur d'optimisation DB: SQLSTATE[HY000]: General error: 1824 Failed to open the referenced table 'users'
[06-Sep-2025 01:41:21 UTC] Erreur d'optimisation DB: SQLSTATE[HY000]: General error: 1824 Failed to open the referenced table 'users'
[06-Sep-2025 01:41:21 UTC] Erreur d'optimisation DB: SQLSTATE[HY000]: General error: 1824 Failed to open the referenced table 'users'
[06-Sep-2025 01:41:21 UTC] Erreur d'optimisation DB: SQLSTATE[HY000]: General error: 1824 Failed to open the referenced table 'users'
[06-Sep-2025 01:41:22 UTC] Erreur d'optimisation DB: SQLSTATE[HY000]: General error: 1824 Failed to open the referenced table 'users'
[06-Sep-2025 01:41:22 UTC] Erreur d'optimisation DB: SQLSTATE[HY000]: General error: 1824 Failed to open the referenced table 'users'
[06-Sep-2025 01:41:22 UTC] Erreur d'optimisation DB: SQLSTATE[HY000]: General error: 1824 Failed to open the referenced table 'users'
[06-Sep-2025 01:41:22 UTC] Erreur d'optimisation DB: SQLSTATE[HY000]: General error: 1824 Failed to open the referenced table 'users'
[06-Sep-2025 01:41:23 UTC] Erreur d'optimisation DB: SQLSTATE[HY000]: General error: 1824 Failed to open the referenced table 'users'
[06-Sep-2025 01:41:23 UTC] Erreur d'optimisation DB: SQLSTATE[HY000]: General error: 1824 Failed to open the referenced table 'users'
[06-Sep-2025 01:41:23 UTC] Erreur d'optimisation DB: SQLSTATE[HY000]: General error: 1824 Failed to open the referenced table 'users'
[06-Sep-2025 01:41:24 UTC] Erreur d'optimisation DB: SQLSTATE[HY000]: General error: 1824 Failed to open the referenced table 'users'
[06-Sep-2025 01:41:24 UTC] Erreur d'optimisation DB: SQLSTATE[HY000]: General error: 1824 Failed to open the referenced table 'users'
[06-Sep-2025 01:41:24 UTC] Erreur d'optimisation DB: SQLSTATE[HY000]: General error: 1824 Failed to open the referenced table 'users'
[06-Sep-2025 01:41:24 UTC] Erreur d'optimisation DB: SQLSTATE[HY000]: General error: 1824 Failed to open the referenced table 'users'
[06-Sep-2025 01:41:24 UTC] Erreur d'optimisation DB: SQLSTATE[HY000]: General error: 1824 Failed to open the referenced table 'users'
[06-Sep-2025 01:41:25 UTC] Erreur d'optimisation DB: SQLSTATE[HY000]: General error: 1824 Failed to open the referenced table 'users'
[06-Sep-2025 01:41:25 UTC] Erreur d'optimisation DB: SQLSTATE[HY000]: General error: 1824 Failed to open the referenced table 'users'
[06-Sep-2025 01:41:25 UTC] Erreur d'optimisation DB: SQLSTATE[HY000]: General error: 1824 Failed to open the referenced table 'users'
[06-Sep-2025 01:41:25 UTC] Erreur d'optimisation DB: SQLSTATE[HY000]: General error: 1824 Failed to open the referenced table 'users'
[06-Sep-2025 01:41:26 UTC] Erreur d'optimisation DB: SQLSTATE[HY000]: General error: 1824 Failed to open the referenced table 'users'
[06-Sep-2025 01:41:26 UTC] Erreur d'optimisation DB: SQLSTATE[HY000]: General error: 1824 Failed to open the referenced table 'users'
[06-Sep-2025 01:41:26 UTC] Erreur d'optimisation DB: SQLSTATE[HY000]: General error: 1824 Failed to open the referenced table 'users'
[06-Sep-2025 01:41:26 UTC] Erreur d'optimisation DB: SQLSTATE[HY000]: General error: 1824 Failed to open the referenced table 'users'
[06-Sep-2025 01:41:27 UTC] Erreur d'optimisation DB: SQLSTATE[HY000]: General error: 1824 Failed to open the referenced table 'users'
[06-Sep-2025 01:41:27 UTC] Erreur d'optimisation DB: SQLSTATE[HY000]: General error: 1824 Failed to open the referenced table 'users'
[06-Sep-2025 01:41:27 UTC] Erreur d'optimisation DB: SQLSTATE[HY000]: General error: 1824 Failed to open the referenced table 'users'
[06-Sep-2025 01:41:27 UTC] Erreur d'optimisation DB: SQLSTATE[HY000]: General error: 1824 Failed to open the referenced table 'users'
[06-Sep-2025 01:41:28 UTC] Erreur d'optimisation DB: SQLSTATE[HY000]: General error: 1824 Failed to open the referenced table 'users'
[06-Sep-2025 01:41:28 UTC] Erreur d'optimisation DB: SQLSTATE[HY000]: General error: 1824 Failed to open the referenced table 'users'
[06-Sep-2025 01:41:28 UTC] Erreur d'optimisation DB: SQLSTATE[HY000]: General error: 1824 Failed to open the referenced table 'users'
[06-Sep-2025 01:41:29 UTC] Erreur d'optimisation DB: SQLSTATE[HY000]: General error: 1824 Failed to open the referenced table 'users'
[06-Sep-2025 01:41:29 UTC] Erreur d'optimisation DB: SQLSTATE[HY000]: General error: 1824 Failed to open the referenced table 'users'
[06-Sep-2025 01:41:29 UTC] Erreur d'optimisation DB: SQLSTATE[HY000]: General error: 1824 Failed to open the referenced table 'users'
[06-Sep-2025 01:41:33 UTC] Erreur d'optimisation DB: SQLSTATE[HY000]: General error: 1824 Failed to open the referenced table 'users'
[06-Sep-2025 01:41:33 UTC] Erreur d'optimisation DB: SQLSTATE[HY000]: General error: 1824 Failed to open the referenced table 'users'
[06-Sep-2025 01:41:34 UTC] Erreur d'optimisation DB: SQLSTATE[HY000]: General error: 1824 Failed to open the referenced table 'users'
[06-Sep-2025 01:41:34 UTC] Erreur d'optimisation DB: SQLSTATE[HY000]: General error: 1824 Failed to open the referenced table 'users'
[06-Sep-2025 01:41:35 UTC] Erreur d'optimisation DB: SQLSTATE[HY000]: General error: 1824 Failed to open the referenced table 'users'
[06-Sep-2025 01:41:35 UTC] Erreur d'optimisation DB: SQLSTATE[HY000]: General error: 1824 Failed to open the referenced table 'users'
[06-Sep-2025 01:41:36 UTC] Erreur d'optimisation DB: SQLSTATE[HY000]: General error: 1824 Failed to open the referenced table 'users'
[06-Sep-2025 01:41:36 UTC] Erreur d'optimisation DB: SQLSTATE[HY000]: General error: 1824 Failed to open the referenced table 'users'
[06-Sep-2025 01:41:37 UTC] Erreur d'optimisation DB: SQLSTATE[HY000]: General error: 1824 Failed to open the referenced table 'users'
[06-Sep-2025 01:41:37 UTC] Erreur d'optimisation DB: SQLSTATE[HY000]: General error: 1824 Failed to open the referenced table 'users'
[06-Sep-2025 01:41:37 UTC] Erreur d'optimisation DB: SQLSTATE[HY000]: General error: 1824 Failed to open the referenced table 'users'
[06-Sep-2025 01:41:38 UTC] Erreur d'optimisation DB: SQLSTATE[HY000]: General error: 1824 Failed to open the referenced table 'users'
[06-Sep-2025 01:41:39 UTC] Erreur d'optimisation DB: SQLSTATE[HY000]: General error: 1824 Failed to open the referenced table 'users'
[06-Sep-2025 01:41:39 UTC] Erreur d'optimisation DB: SQLSTATE[HY000]: General error: 1824 Failed to open the referenced table 'users'
[06-Sep-2025 01:41:40 UTC] Erreur d'optimisation DB: SQLSTATE[HY000]: General error: 1824 Failed to open the referenced table 'users'
[06-Sep-2025 01:41:40 UTC] Erreur d'optimisation DB: SQLSTATE[HY000]: General error: 1824 Failed to open the referenced table 'users'
[06-Sep-2025 01:41:41 UTC] Erreur d'optimisation DB: SQLSTATE[HY000]: General error: 1824 Failed to open the referenced table 'users'
[06-Sep-2025 01:41:44 UTC] Erreur d'optimisation DB: SQLSTATE[HY000]: General error: 1824 Failed to open the referenced table 'users'
[06-Sep-2025 01:41:45 UTC] Erreur d'optimisation DB: SQLSTATE[HY000]: General error: 1824 Failed to open the referenced table 'users'
[06-Sep-2025 01:41:46 UTC] Erreur d'optimisation DB: SQLSTATE[HY000]: General error: 1824 Failed to open the referenced table 'users'
[06-Sep-2025 01:41:48 UTC] Erreur d'optimisation DB: SQLSTATE[HY000]: General error: 1824 Failed to open the referenced table 'users'
[06-Sep-2025 01:41:52 UTC] Erreur d'optimisation DB: SQLSTATE[HY000]: General error: 1824 Failed to open the referenced table 'users'
[06-Sep-2025 01:41:54 UTC] Erreur d'optimisation DB: SQLSTATE[HY000]: General error: 1824 Failed to open the referenced table 'users'
[06-Sep-2025 01:41:56 UTC] Erreur d'optimisation DB: SQLSTATE[HY000]: General error: 1824 Failed to open the referenced table 'users'
[06-Sep-2025 01:42:01 UTC] Erreur d'optimisation DB: SQLSTATE[HY000]: General error: 1824 Failed to open the referenced table 'users'
[06-Sep-2025 01:42:06 UTC] Erreur d'optimisation DB: SQLSTATE[HY000]: General error: 1824 Failed to open the referenced table 'users'
[06-Sep-2025 01:42:06 UTC] Erreur d'optimisation DB: SQLSTATE[HY000]: General error: 1824 Failed to open the referenced table 'users'
[06-Sep-2025 01:42:09 UTC] Erreur d'optimisation DB: SQLSTATE[HY000]: General error: 1824 Failed to open the referenced table 'users'
[06-Sep-2025 01:42:11 UTC] Erreur d'optimisation DB: SQLSTATE[HY000]: General error: 1824 Failed to open the referenced table 'users'
[06-Sep-2025 01:42:13 UTC] Erreur d'optimisation DB: SQLSTATE[HY000]: General error: 1824 Failed to open the referenced table 'users'
[06-Sep-2025 01:43:32 UTC] Erreur d'optimisation DB: SQLSTATE[HY000]: General error: 1824 Failed to open the referenced table 'users'
[06-Sep-2025 02:23:12 UTC] Erreur d'optimisation DB: SQLSTATE[HY000]: General error: 1824 Failed to open the referenced table 'users'
[06-Sep-2025 02:26:44 UTC] Erreur d'optimisation DB: SQLSTATE[HY000]: General error: 1824 Failed to open the referenced table 'users'
[06-Sep-2025 02:26:49 UTC] Erreur d'optimisation DB: SQLSTATE[HY000]: General error: 1824 Failed to open the referenced table 'users'
[06-Sep-2025 02:26:59 UTC] Erreur d'optimisation DB: SQLSTATE[HY000]: General error: 1824 Failed to open the referenced table 'users'
[06-Sep-2025 02:27:27 UTC] Erreur d'optimisation DB: SQLSTATE[HY000]: General error: 1824 Failed to open the referenced table 'users'
[06-Sep-2025 02:27:49 UTC] Erreur d'optimisation DB: SQLSTATE[HY000]: General error: 1824 Failed to open the referenced table 'users'
[06-Sep-2025 02:28:08 UTC] Erreur d'optimisation DB: SQLSTATE[HY000]: General error: 1824 Failed to open the referenced table 'users'
[06-Sep-2025 02:28:38 UTC] Erreur d'optimisation DB: SQLSTATE[HY000]: General error: 1824 Failed to open the referenced table 'users'
[06-Sep-2025 02:33:54 UTC] Erreur d'optimisation DB: SQLSTATE[HY000]: General error: 1824 Failed to open the referenced table 'users'
[06-Sep-2025 02:33:55 UTC] Erreur d'optimisation DB: SQLSTATE[HY000]: General error: 1824 Failed to open the referenced table 'users'
